Archive member included because of file (symbol)

/home/marco/SoftwareProjects/st-usb/tools/gcc-arm-none-eabi-4_8-2014q2/bin/../lib/gcc/arm-none-eabi/4.8.4/../../../../arm-none-eabi/lib/armv7e-m/libg.a(lib_a-memset.o)
                              build/obj/usb.o (memset)
/home/marco/SoftwareProjects/st-usb/tools/gcc-arm-none-eabi-4_8-2014q2/bin/../lib/gcc/arm-none-eabi/4.8.4/../../../../arm-none-eabi/lib/armv7e-m/libg.a(lib_a-strcasecmp.o)
                              build/obj/shell.o (strcasecmp)
/home/marco/SoftwareProjects/st-usb/tools/gcc-arm-none-eabi-4_8-2014q2/bin/../lib/gcc/arm-none-eabi/4.8.4/../../../../arm-none-eabi/lib/armv7e-m/libg.a(lib_a-strpbrk.o)
                              build/obj/shell.o (strpbrk)
/home/marco/SoftwareProjects/st-usb/tools/gcc-arm-none-eabi-4_8-2014q2/bin/../lib/gcc/arm-none-eabi/4.8.4/../../../../arm-none-eabi/lib/armv7e-m/libg.a(lib_a-strspn.o)
                              build/obj/shell.o (strspn)
/home/marco/SoftwareProjects/st-usb/tools/gcc-arm-none-eabi-4_8-2014q2/bin/../lib/gcc/arm-none-eabi/4.8.4/../../../../arm-none-eabi/lib/armv7e-m/libg.a(lib_a-ctype_.o)
                              /home/marco/SoftwareProjects/st-usb/tools/gcc-arm-none-eabi-4_8-2014q2/bin/../lib/gcc/arm-none-eabi/4.8.4/../../../../arm-none-eabi/lib/armv7e-m/libg.a(lib_a-strcasecmp.o) (__ctype_ptr__)

Discarded input sections

 .text          0x00000000        0x0 build/obj/crt0.o
 .data          0x00000000        0x0 build/obj/crt0.o
 .bss           0x00000000        0x0 build/obj/crt0.o
 .text.__early_init
                0x00000000       0x10 build/obj/crt0.o
 .text          0x00000000        0x0 build/obj/vectors.o
 .data          0x00000000        0x0 build/obj/vectors.o
 .bss           0x00000000        0x0 build/obj/vectors.o
 .text          0x00000000        0x0 build/obj/chcore.o
 .data          0x00000000        0x0 build/obj/chcore.o
 .bss           0x00000000        0x0 build/obj/chcore.o
 .text.port_halt
                0x00000000       0x10 build/obj/chcore.o
 .debug_info    0x00000000       0x8e build/obj/chcore.o
 .debug_abbrev  0x00000000       0x40 build/obj/chcore.o
 .debug_aranges
                0x00000000       0x20 build/obj/chcore.o
 .debug_ranges  0x00000000       0x10 build/obj/chcore.o
 .debug_line    0x00000000       0x8e build/obj/chcore.o
 .debug_str     0x00000000      0x1da build/obj/chcore.o
 .comment       0x00000000       0x71 build/obj/chcore.o
 .ARM.attributes
                0x00000000       0x33 build/obj/chcore.o
 .debug_frame   0x00000000       0x20 build/obj/chcore.o
 .text          0x00000000        0x0 build/obj/chcore_v7m.o
 .data          0x00000000        0x0 build/obj/chcore_v7m.o
 .bss           0x00000000        0x0 build/obj/chcore_v7m.o
 .text          0x00000000        0x0 build/obj/nvic.o
 .data          0x00000000        0x0 build/obj/nvic.o
 .bss           0x00000000        0x0 build/obj/nvic.o
 .text.nvicDisableVector
                0x00000000       0x50 build/obj/nvic.o
 .text          0x00000000        0x0 build/obj/chsys.o
 .data          0x00000000        0x0 build/obj/chsys.o
 .bss           0x00000000        0x0 build/obj/chsys.o
 .text          0x00000000        0x0 build/obj/chdebug.o
 .data          0x00000000        0x0 build/obj/chdebug.o
 .bss           0x00000000        0x0 build/obj/chdebug.o
 .debug_info    0x00000000       0x75 build/obj/chdebug.o
 .debug_abbrev  0x00000000       0x24 build/obj/chdebug.o
 .debug_aranges
                0x00000000       0x18 build/obj/chdebug.o
 .debug_line    0x00000000       0x1d build/obj/chdebug.o
 .debug_str     0x00000000      0x1cb build/obj/chdebug.o
 .comment       0x00000000       0x71 build/obj/chdebug.o
 .ARM.attributes
                0x00000000       0x33 build/obj/chdebug.o
 .text          0x00000000        0x0 build/obj/chlists.o
 .data          0x00000000        0x0 build/obj/chlists.o
 .bss           0x00000000        0x0 build/obj/chlists.o
 .debug_info    0x00000000       0x75 build/obj/chlists.o
 .debug_abbrev  0x00000000       0x24 build/obj/chlists.o
 .debug_aranges
                0x00000000       0x18 build/obj/chlists.o
 .debug_line    0x00000000       0x1d build/obj/chlists.o
 .debug_str     0x00000000      0x1cb build/obj/chlists.o
 .comment       0x00000000       0x71 build/obj/chlists.o
 .ARM.attributes
                0x00000000       0x33 build/obj/chlists.o
 .text          0x00000000        0x0 build/obj/chvt.o
 .data          0x00000000        0x0 build/obj/chvt.o
 .bss           0x00000000        0x0 build/obj/chvt.o
 .text          0x00000000        0x0 build/obj/chschd.o
 .data          0x00000000        0x0 build/obj/chschd.o
 .bss           0x00000000        0x0 build/obj/chschd.o
 .text          0x00000000        0x0 build/obj/chthreads.o
 .data          0x00000000        0x0 build/obj/chthreads.o
 .bss           0x00000000        0x0 build/obj/chthreads.o
 .text.chThdSetPriority
                0x00000000       0x30 build/obj/chthreads.o
[...]
Memory Configuration

Name             Origin             Length             Attributes
flash            0x08000000         0x00100000
ram              0x20000000         0x0001c000
ethram           0x2001c000         0x00004000
ccmram           0x10000000         0x00010000
*default*        0x00000000         0xffffffff

Linker script and memory map

LOAD build/obj/crt0.o
LOAD build/obj/vectors.o
LOAD build/obj/chcore.o
LOAD build/obj/chcore_v7m.o
LOAD build/obj/nvic.o
LOAD build/obj/chsys.o
LOAD build/obj/chdebug.o
LOAD build/obj/chlists.o
LOAD build/obj/chvt.o
LOAD build/obj/chschd.o
LOAD build/obj/chthreads.o
LOAD build/obj/chdynamic.o
LOAD build/obj/chregistry.o
LOAD build/obj/chsem.o
LOAD build/obj/chmtx.o
LOAD build/obj/chcond.o
LOAD build/obj/chevents.o
LOAD build/obj/chmsg.o
LOAD build/obj/chmboxes.o
LOAD build/obj/chqueues.o
LOAD build/obj/chmemcore.o
LOAD build/obj/chheap.o
LOAD build/obj/chmempools.o
LOAD build/obj/hal.o
LOAD build/obj/adc.o
LOAD build/obj/can.o
LOAD build/obj/ext.o
LOAD build/obj/gpt.o
LOAD build/obj/i2c.o
LOAD build/obj/icu.o
LOAD build/obj/mac.o
LOAD build/obj/mmc_spi.o
LOAD build/obj/mmcsd.o
LOAD build/obj/pal.o
LOAD build/obj/pwm.o
LOAD build/obj/rtc.o
LOAD build/obj/sdc.o
LOAD build/obj/serial.o
LOAD build/obj/serial_usb.o
LOAD build/obj/spi.o
LOAD build/obj/tm.o
LOAD build/obj/uart.o
LOAD build/obj/usb.o
LOAD build/obj/stm32_dma.o
LOAD build/obj/hal_lld.o
LOAD build/obj/adc_lld.o
LOAD build/obj/ext_lld_isr.o
LOAD build/obj/can_lld.o
LOAD build/obj/ext_lld.o
LOAD build/obj/mac_lld.o
LOAD build/obj/sdc_lld.o
LOAD build/obj/pal_lld.o
LOAD build/obj/i2c_lld.o
LOAD build/obj/usb_lld.o
LOAD build/obj/rtc_lld.o
LOAD build/obj/spi_lld.o
LOAD build/obj/gpt_lld.o
LOAD build/obj/icu_lld.o
LOAD build/obj/pwm_lld.o
LOAD build/obj/serial_lld.o
LOAD build/obj/uart_lld.o
LOAD build/obj/board.o
LOAD build/obj/lis302dl.o
LOAD build/obj/shell.o
LOAD build/obj/chprintf.o
LOAD build/obj/usbcfg.o
LOAD build/obj/proto.o
LOAD build/obj/main.o
                0x00000400                __main_stack_size__ = 0x400
                0x00000400                __process_stack_size__ = 0x400
                0x20000000                __ram_start__ = ORIGIN (ram)
                0x0001c000                __ram_size__ = 0x1c000
                0x2001c000                __ram_end__ = (__ram_start__ + __ram_size__)
                0x00000000                . = 0x0
                0x00000000                _text = .

startup         0x08000000      0x1ac
 *(vectors)
 vectors        0x08000000      0x1ac build/obj/vectors.o
                0x08000000                _vectors

constructors    0x080001ac        0x0
                0x080001ac                PROVIDE (__init_array_start, .)
 *(SORT(.init_array.*))
 *(.init_array)
                0x080001ac                PROVIDE (__init_array_end, .)

destructors     0x080001ac        0x0
                0x080001ac                PROVIDE (__fini_array_start, .)
 *(.fini_array)
 *(SORT(.fini_array.*))
                0x080001ac                PROVIDE (__fini_array_end, .)

.text           0x080001b0     0x3a0c
 *(.text.startup.*)
 .text.startup.main
                0x080001b0       0x90 build/obj/main.o
                0x080001b0                main
 *(.text)
 *(.text.*)
 .text.__late_init
                0x08000240       0x10 build/obj/crt0.o
                0x08000240                __late_init
 .text._default_exit
                0x08000250       0x10 build/obj/crt0.o
                0x08000250                _default_exit
 .text.ResetHandler
                0x08000260      0x100 build/obj/crt0.o
                0x08000260                ResetHandler
 .text._unhandled_exception
                0x08000360       0x10 build/obj/vectors.o
                0x08000360                Vector58
                0x08000360                VectorE8
                0x08000360                Vector9C
                0x08000360                VectorAC
                0x08000360                Vector1A0
                0x08000360                Vector5C
                0x08000360                NMIVector
                0x08000360                Vector11C
                0x08000360                Vector19C
                0x08000360                VectorDC
                0x08000360                Vector168
                0x08000360                Vector110
                0x08000360                VectorC8
                0x08000360                VectorA8
                0x08000360                VectorB4
                0x08000360                Vector160
                0x08000360                VectorEC
                0x08000360                UsageFaultVector
                0x08000360                DebugMonitorVector
                0x08000360                Vector40
                0x08000360                VectorF8
                0x08000360                Vector108
                0x08000360                VectorBC
                0x08000360                Vector190
                0x08000360                Vector188
                0x08000360                PendSVVector
                0x08000360                Vector198
                0x08000360                Vector118
                0x08000360                Vector64
                0x08000360                VectorCC
                0x08000360                Vector54
                0x08000360                Vector138
                0x08000360                Vector24
                0x08000360                Vector178
                0x08000360                Vector1A4
                0x08000360                BusFaultVector
                0x08000360                VectorD0
                0x08000360                VectorE4
                0x08000360                VectorC0
                0x08000360                HardFaultVector
                0x08000360                Vector134
                0x08000360                VectorF0
                0x08000360                Vector100
                0x08000360                VectorE0
                0x08000360                VectorF4
                0x08000360                MemManageVector
                0x08000360                VectorA0
                0x08000360                VectorC4
                0x08000360                Vector180
                0x08000360                VectorB0
                0x08000360                Vector114
                0x08000360                Vector164
                0x08000360                Vector60
                0x08000360                Vector1C
                0x08000360                Vector17C
                0x08000360                Vector48
                0x08000360                Vector1A8
                0x08000360                Vector16C
                0x08000360                VectorD4
                0x08000360                Vector4C
                0x08000360                Vector15C
                0x08000360                Vector68
                0x08000360                _unhandled_exception
                0x08000360                Vector170
                0x08000360                Vector104
                0x08000360                Vector184
                0x08000360                Vector10C
                0x08000360                Vector50
                0x08000360                Vector194
                0x08000360                Vector44
                0x08000360                Vector28
                0x08000360                Vector34
                0x08000360                VectorA4
                0x08000360                Vector20
                0x08000360                Vector18C
                0x08000360                Vector174
 .text._port_switch_from_isr
                0x08000370       0x10 build/obj/chcore_v7m.o
                0x08000370                _port_switch_from_isr
 .text.SVCallVector
                0x08000380       0x20 build/obj/chcore_v7m.o
                0x08000380                SVCallVector
 .text._port_init
                0x080003a0       0x30 build/obj/chcore_v7m.o
                0x080003a0                _port_init
 .text._port_irq_epilogue
                0x080003d0       0x70 build/obj/chcore_v7m.o
                0x080003d0                _port_irq_epilogue
 .text.SysTickVector
                0x08000440       0x20 build/obj/chcore_v7m.o
                0x08000440                SysTickVector
 .text._port_switch
                0x08000460       0x10 build/obj/chcore_v7m.o
                0x08000460                _port_switch
 .text._port_thread_start
                0x08000470       0x10 build/obj/chcore_v7m.o
                0x08000470                _port_thread_start
 .text.nvicEnableVector
                0x08000480       0x50 build/obj/nvic.o
                0x08000480                nvicEnableVector
 .text.nvicSetSystemHandlerPriority
                0x080004d0       0x30 build/obj/nvic.o
                0x080004d0                nvicSetSystemHandlerPriority
 .text._idle_thread
                0x08000500       0x20 build/obj/chsys.o
                0x08000500                _idle_thread
 .text.chSysInit
                0x08000520       0x60 build/obj/chsys.o
                0x08000520                chSysInit
 .text.chSysTimerHandlerI
                0x08000580       0x60 build/obj/chsys.o
                0x08000580                chSysTimerHandlerI
 .text._vt_init
                0x080005e0       0x20 build/obj/chvt.o
                0x080005e0                _vt_init
 .text.chVTSetI
                0x08000600       0x40 build/obj/chvt.o
                0x08000600                chVTSetI
 .text.chVTResetI
                0x08000640       0x30 build/obj/chvt.o
                0x08000640                chVTResetI
 .text.wakeup   0x08000670       0x70 build/obj/chschd.o
 .text._scheduler_init
                0x080006e0       0x20 build/obj/chschd.o
                0x080006e0                _scheduler_init
 .text.chSchReadyI
                0x08000700       0x30 build/obj/chschd.o
                0x08000700                chSchReadyI
 .text.chSchGoSleepS
                0x08000730       0x30 build/obj/chschd.o
                0x08000730                chSchGoSleepS
 .text.chSchGoSleepTimeoutS
                0x08000760       0x50 build/obj/chschd.o
                0x08000760                chSchGoSleepTimeoutS
 .text.chSchWakeupS
                0x080007b0       0x60 build/obj/chschd.o
                0x080007b0                chSchWakeupS
 .text.chSchDoRescheduleBehind
                0x08000810       0x40 build/obj/chschd.o
                0x08000810                chSchDoRescheduleBehind
 .text.chSchDoRescheduleAhead
                0x08000850       0x40 build/obj/chschd.o
                0x08000850                chSchDoRescheduleAhead
 .text.chSchRescheduleS
                0x08000890       0x20 build/obj/chschd.o
                0x08000890                chSchRescheduleS
 .text.chSchDoReschedule
                0x080008b0       0x20 build/obj/chschd.o
                0x080008b0                chSchDoReschedule
 .text._thread_init
                0x080008d0       0x50 build/obj/chthreads.o
                0x080008d0                _thread_init
 .text.chThdCreateI
                0x08000920       0x70 build/obj/chthreads.o
                0x08000920                chThdCreateI
 .text.chThdCreateStatic
                0x08000990       0x90 build/obj/chthreads.o
                0x08000990                chThdCreateStatic
 .text.chThdSleep
                0x08000a20       0x20 build/obj/chthreads.o
                0x08000a20                chThdSleep
 .text.chThdExitS
                0x08000a40       0x40 build/obj/chthreads.o
                0x08000a40                chThdExitS
 .text.chThdExit
                0x08000a80       0x10 build/obj/chthreads.o
                0x08000a80                chThdExit
 .text.chSemInit
                0x08000a90       0x10 build/obj/chsem.o
                0x08000a90                chSemInit
 .text.chSemSignalI
                0x08000aa0       0x20 build/obj/chsem.o
                0x08000aa0                chSemSignalI
 .text.chMtxInit
                0x08000ac0       0x10 build/obj/chmtx.o
                0x08000ac0                chMtxInit
 .text.chEvtSignalI
                0x08000ad0       0x30 build/obj/chevents.o
                0x08000ad0                chEvtSignalI
 .text.chEvtBroadcastFlagsI
                0x08000b00       0x20 build/obj/chevents.o
                0x08000b00                chEvtBroadcastFlagsI
 .text.qwait    0x08000b20       0x30 build/obj/chqueues.o
 .text.chIQInit
                0x08000b50       0x20 build/obj/chqueues.o
                0x08000b50                chIQInit
 .text.chIQResetI
                0x08000b70       0x30 build/obj/chqueues.o
                0x08000b70                chIQResetI
 .text.chIQPutI
                0x08000ba0       0x50 build/obj/chqueues.o
                0x08000ba0                chIQPutI
 .text.chIQGetTimeout
                0x08000bf0       0x50 build/obj/chqueues.o
                0x08000bf0                chIQGetTimeout
 .text.chIQReadTimeout
                0x08000c40       0x80 build/obj/chqueues.o
                0x08000c40                chIQReadTimeout
 .text.chOQInit
                0x08000cc0       0x20 build/obj/chqueues.o
                0x08000cc0                chOQInit
 .text.chOQPutTimeout
                0x08000ce0       0x60 build/obj/chqueues.o
                0x08000ce0                chOQPutTimeout
 .text.chOQGetI
                0x08000d40       0x50 build/obj/chqueues.o
                0x08000d40                chOQGetI
 .text.chOQWriteTimeout
                0x08000d90       0x80 build/obj/chqueues.o
                0x08000d90                chOQWriteTimeout
 .text._core_init
                0x08000e10       0x30 build/obj/chmemcore.o
                0x08000e10                _core_init
 .text.chCoreAlloc
                0x08000e40       0x40 build/obj/chmemcore.o
                0x08000e40                chCoreAlloc
 .text._heap_init
                0x08000e80       0x20 build/obj/chheap.o
                0x08000e80                _heap_init
 .text.halInit  0x08000ea0       0x40 build/obj/hal.o
                0x08000ea0                halInit
 .text.halPolledDelay
                0x08000ee0       0x40 build/obj/hal.o
                0x08000ee0                halPolledDelay
 .text.adcInit  0x08000f20       0x10 build/obj/adc.o
                0x08000f20                adcInit
 .text.adcObjectInit
                0x08000f30       0x20 build/obj/adc.o
                0x08000f30                adcObjectInit
 .text.canInit  0x08000f50       0x10 build/obj/can.o
                0x08000f50                canInit
 .text.canObjectInit
                0x08000f60       0x40 build/obj/can.o
                0x08000f60                canObjectInit
 .text.pwmInit  0x08000fa0       0x10 build/obj/pwm.o
                0x08000fa0                pwmInit
 .text.pwmObjectInit
                0x08000fb0       0x10 build/obj/pwm.o
                0x08000fb0                pwmObjectInit
 .text.pwmStart
                0x08000fc0       0x20 build/obj/pwm.o
                0x08000fc0                pwmStart
 .text.pwmEnableChannel
                0x08000fe0       0x20 build/obj/pwm.o
                0x08000fe0                pwmEnableChannel
 .text.pwmDisableChannel
                0x08001000       0x20 build/obj/pwm.o
                0x08001000                pwmDisableChannel
 .text.readt    0x08001020       0x10 build/obj/serial.o
 .text.read     0x08001030       0x10 build/obj/serial.o
 .text.writet   0x08001040       0x10 build/obj/serial.o
 .text.write    0x08001050       0x10 build/obj/serial.o
 .text.gett     0x08001060       0x10 build/obj/serial.o
 .text.get      0x08001070       0x10 build/obj/serial.o
 .text.putt     0x08001080       0x10 build/obj/serial.o
 .text.put      0x08001090       0x10 build/obj/serial.o
 .text.sdInit   0x080010a0       0x10 build/obj/serial.o
                0x080010a0                sdInit
 .text.sdObjectInit
                0x080010b0       0x40 build/obj/serial.o
                0x080010b0                sdObjectInit
 .text.sdIncomingDataI
                0x080010f0       0x40 build/obj/serial.o
                0x080010f0                sdIncomingDataI
 .text.sduInit  0x08001130       0x10 build/obj/serial_usb.o
                0x08001130                sduInit
 .text.spiInit  0x08001140       0x10 build/obj/spi.o
                0x08001140                spiInit
 .text.spiObjectInit
                0x08001150       0x10 build/obj/spi.o
                0x08001150                spiObjectInit
 .text.usbInit  0x08001160       0x10 build/obj/usb.o
                0x08001160                usbInit
 .text.usbObjectInit
                0x08001170       0x20 build/obj/usb.o
                0x08001170                usbObjectInit
 .text.usbStart
                0x08001190       0x30 build/obj/usb.o
                0x08001190                usbStart
 .text.usbInitEndpointI
                0x080011c0       0x40 build/obj/usb.o
                0x080011c0                usbInitEndpointI
 .text.usbDisableEndpointsI
                0x08001200       0x30 build/obj/usb.o
                0x08001200                usbDisableEndpointsI
 .text.usbPrepareTransmit
                0x08001230       0x20 build/obj/usb.o
                0x08001230                usbPrepareTransmit
 .text.usbPrepareQueuedReceive
                0x08001250       0x20 build/obj/usb.o
                0x08001250                usbPrepareQueuedReceive
 .text.usbStartReceiveI
                0x08001270       0x30 build/obj/usb.o
                0x08001270                usbStartReceiveI
 .text.usbStartTransmitI
                0x080012a0       0x30 build/obj/usb.o
                0x080012a0                usbStartTransmitI
 .text._usb_reset
                0x080012d0       0x30 build/obj/usb.o
                0x080012d0                _usb_reset
 .text._usb_ep0setup
                0x08001300      0x360 build/obj/usb.o
                0x08001300                _usb_ep0setup
 .text._usb_ep0in
                0x08001660       0xd0 build/obj/usb.o
                0x08001660                _usb_ep0in
 .text._usb_ep0out
                0x08001730       0x80 build/obj/usb.o
                0x08001730                _usb_ep0out
 .text.Vector6C
                0x080017b0       0x30 build/obj/stm32_dma.o
                0x080017b0                Vector6C
 .text.Vector70
                0x080017e0       0x30 build/obj/stm32_dma.o
                0x080017e0                Vector70
 .text.Vector74
                0x08001810       0x30 build/obj/stm32_dma.o
                0x08001810                Vector74
 .text.Vector78
                0x08001840       0x30 build/obj/stm32_dma.o
                0x08001840                Vector78
 .text.Vector7C
                0x08001870       0x30 build/obj/stm32_dma.o
                0x08001870                Vector7C
 .text.Vector80
                0x080018a0       0x30 build/obj/stm32_dma.o
                0x080018a0                Vector80
 .text.Vector84
                0x080018d0       0x30 build/obj/stm32_dma.o
                0x080018d0                Vector84
 .text.VectorFC
                0x08001900       0x30 build/obj/stm32_dma.o
                0x08001900                VectorFC
 .text.Vector120
                0x08001930       0x30 build/obj/stm32_dma.o
                0x08001930                Vector120
 .text.Vector124
                0x08001960       0x30 build/obj/stm32_dma.o
                0x08001960                Vector124
 .text.Vector128
                0x08001990       0x30 build/obj/stm32_dma.o
                0x08001990                Vector128
 .text.Vector12C
                0x080019c0       0x30 build/obj/stm32_dma.o
                0x080019c0                Vector12C
 .text.Vector130
                0x080019f0       0x30 build/obj/stm32_dma.o
                0x080019f0                Vector130
 .text.Vector150
                0x08001a20       0x30 build/obj/stm32_dma.o
                0x08001a20                Vector150
 .text.Vector154
                0x08001a50       0x30 build/obj/stm32_dma.o
                0x08001a50                Vector154
 .text.Vector158
                0x08001a80       0x30 build/obj/stm32_dma.o
                0x08001a80                Vector158
 .text.dmaInit  0x08001ab0       0x50 build/obj/stm32_dma.o
                0x08001ab0                dmaInit
 .text.hal_lld_init
                0x08001b00       0xa0 build/obj/hal_lld.o
                0x08001b00                hal_lld_init
 .text.stm32_clock_init
                0x08001ba0       0xd0 build/obj/hal_lld.o
                0x08001ba0                stm32_clock_init
 .text.adc_lld_init
                0x08001c70       0x40 build/obj/adc_lld.o
                0x08001c70                adc_lld_init
 .text.adc_lld_stop_conversion
                0x08001cb0       0x40 build/obj/adc_lld.o
                0x08001cb0                adc_lld_stop_conversion
 .text.Vector88
                0x08001cf0       0x70 build/obj/adc_lld.o
                0x08001cf0                Vector88
 .text.can_lld_set_filters
                0x08001d60      0x120 build/obj/can_lld.o
 .text.can_lld_tx_handler
                0x08001e80       0x40 build/obj/can_lld.o
 .text.can_lld_rx0_handler
                0x08001ec0       0x70 build/obj/can_lld.o
 .text.can_lld_rx1_handler
                0x08001f30       0x70 build/obj/can_lld.o
 .text.can_lld_sce_handler
                0x08001fa0       0x70 build/obj/can_lld.o
 .text.Vector8C
                0x08002010       0x20 build/obj/can_lld.o
                0x08002010                Vector8C
 .text.Vector90
                0x08002030       0x20 build/obj/can_lld.o
                0x08002030                Vector90
 .text.Vector94
                0x08002050       0x20 build/obj/can_lld.o
                0x08002050                Vector94
 .text.Vector98
                0x08002070       0x20 build/obj/can_lld.o
                0x08002070                Vector98
 .text.Vector13C
                0x08002090       0x20 build/obj/can_lld.o
                0x08002090                Vector13C
 .text.Vector140
                0x080020b0       0x20 build/obj/can_lld.o
                0x080020b0                Vector140
 .text.Vector144
                0x080020d0       0x20 build/obj/can_lld.o
                0x080020d0                Vector144
 .text.Vector148
                0x080020f0       0x20 build/obj/can_lld.o
                0x080020f0                Vector148
 .text.can_lld_init
                0x08002110       0x40 build/obj/can_lld.o
                0x08002110                can_lld_init
 .text._pal_lld_init
                0x08002150      0x1c0 build/obj/pal_lld.o
                0x08002150                _pal_lld_init
 .text._pal_lld_setgroupmode
                0x08002310       0xd0 build/obj/pal_lld.o
                0x08002310                _pal_lld_setgroupmode
 .text.usb_lld_pump
                0x080023e0      0x360 build/obj/usb_lld.o
 .text.otg_disable_ep.isra.0
                0x08002740       0x80 build/obj/usb_lld.o
 .text.usb_lld_init
                0x080027c0       0x30 build/obj/usb_lld.o
                0x080027c0                usb_lld_init
 .text.usb_lld_start
                0x080027f0       0xe0 build/obj/usb_lld.o
                0x080027f0                usb_lld_start
 .text.usb_lld_reset
                0x080028d0       0xc0 build/obj/usb_lld.o
                0x080028d0                usb_lld_reset
 .text.usb_lld_set_address
                0x08002990       0x20 build/obj/usb_lld.o
                0x08002990                usb_lld_set_address
 .text.usb_lld_init_endpoint
                0x080029b0      0x170 build/obj/usb_lld.o
                0x080029b0                usb_lld_init_endpoint
 .text.usb_lld_disable_endpoints
                0x08002b20       0x10 build/obj/usb_lld.o
                0x08002b20                usb_lld_disable_endpoints
 .text.usb_lld_get_status_out
                0x08002b30       0x20 build/obj/usb_lld.o
                0x08002b30                usb_lld_get_status_out
 .text.usb_lld_get_status_in
                0x08002b50       0x20 build/obj/usb_lld.o
                0x08002b50                usb_lld_get_status_in
 .text.usb_lld_read_setup
                0x08002b70       0x20 build/obj/usb_lld.o
                0x08002b70                usb_lld_read_setup
 .text.usb_lld_prepare_receive
                0x08002b90       0x50 build/obj/usb_lld.o
                0x08002b90                usb_lld_prepare_receive
 .text.otg_epout_handler
                0x08002be0       0x90 build/obj/usb_lld.o
 .text.usb_lld_prepare_transmit
                0x08002c70       0x50 build/obj/usb_lld.o
                0x08002c70                usb_lld_prepare_transmit
 .text.otg_epin_handler
                0x08002cc0       0xd0 build/obj/usb_lld.o
 .text.Vector14C
                0x08002d90      0x110 build/obj/usb_lld.o
                0x08002d90                Vector14C
 .text.usb_lld_start_out
                0x08002ea0       0x20 build/obj/usb_lld.o
                0x08002ea0                usb_lld_start_out
 .text.usb_lld_start_in
                0x08002ec0       0x30 build/obj/usb_lld.o
                0x08002ec0                usb_lld_start_in
 .text.usb_lld_stall_out
                0x08002ef0       0x20 build/obj/usb_lld.o
                0x08002ef0                usb_lld_stall_out
 .text.usb_lld_stall_in
                0x08002f10       0x20 build/obj/usb_lld.o
                0x08002f10                usb_lld_stall_in
 .text.usb_lld_clear_out
                0x08002f30       0x20 build/obj/usb_lld.o
                0x08002f30                usb_lld_clear_out
 .text.usb_lld_clear_in
                0x08002f50       0x20 build/obj/usb_lld.o
                0x08002f50                usb_lld_clear_in
 .text.spi_lld_init
                0x08002f70       0x50 build/obj/spi_lld.o
                0x08002f70                spi_lld_init
 .text.VectorB8
                0x08002fc0       0x70 build/obj/pwm_lld.o
                0x08002fc0                VectorB8
 .text.pwm_lld_init
                0x08003030       0x20 build/obj/pwm_lld.o
                0x08003030                pwm_lld_init
 .text.pwm_lld_start
                0x08003050      0x100 build/obj/pwm_lld.o
                0x08003050                pwm_lld_start
 .text.pwm_lld_enable_channel
                0x08003150       0x40 build/obj/pwm_lld.o
                0x08003150                pwm_lld_enable_channel
 .text.pwm_lld_disable_channel
                0x08003190       0x20 build/obj/pwm_lld.o
                0x08003190                pwm_lld_disable_channel
 .text.notify2  0x080031b0       0x20 build/obj/serial_lld.o
 .text.VectorD8
                0x080031d0      0x110 build/obj/serial_lld.o
                0x080031d0                VectorD8
 .text.sd_lld_init
                0x080032e0       0x20 build/obj/serial_lld.o
                0x080032e0                sd_lld_init
 .text.__early_init
                0x08003300       0x10 build/obj/board.o
                0x08003300                __early_init
 .text.boardInit
                0x08003310       0x10 build/obj/board.o
                0x08003310                boardInit
 .text.ep1in_cb
                0x08003320       0x10 build/obj/usbcfg.o
 .text.usb_get_descriptor_cb
                0x08003330       0x60 build/obj/usbcfg.o
 .text.ep1out_cb
                0x08003390       0x60 build/obj/usbcfg.o
 .text.usb_request_hook_cb
                0x080033f0       0x50 build/obj/usbcfg.o
 .text.usb_event_cb
                0x08003440       0x50 build/obj/usbcfg.o
 .text.usb_input_queue_inotify
                0x08003490       0x50 build/obj/usbcfg.o
 .text.usb_read_data
                0x080034e0       0x20 build/obj/usbcfg.o
                0x080034e0                usb_read_data
 .text.usb_send_data
                0x08003500       0x40 build/obj/usbcfg.o
                0x08003500                usb_send_data
 .text.init_usb_driver
                0x08003540       0x60 build/obj/usbcfg.o
                0x08003540                init_usb_driver
 .text.set_duty_cycle
                0x080035a0       0x50 build/obj/proto.o
                0x080035a0                set_duty_cycle
 .text.LED_set_duty_cycle
                0x080035f0       0x30 build/obj/proto.o
                0x080035f0                LED_set_duty_cycle
 .text.LED_switch_OFF
                0x08003620       0x30 build/obj/proto.o
                0x08003620                LED_switch_OFF
 .text.LED_switch_ON
                0x08003650       0x50 build/obj/proto.o
                0x08003650                LED_switch_ON
 .text.eval_pkt
                0x080036a0       0x20 build/obj/proto.o
                0x080036a0                eval_pkt
 .text.loop_tick
                0x080036c0       0x50 build/obj/proto.o
                0x080036c0                loop_tick
 .text.pwmp_ARRcb
                0x08003710       0x10 build/obj/main.o
 .text.memset   0x08003720       0x94 /home/marco/SoftwareProjects/st-usb/tools/gcc-arm-none-eabi-4_8-2014q2/bin/../lib/gcc/arm-none-eabi/4.8.4/../../../../arm-none-eabi/lib/armv7e-m/libg.a(lib_a-memset.o)
                0x08003720                memset
 *(.rodata)
 *(.rodata.*)
 *fill*         0x080037b4        0xc 
 .rodata.str1.4
                0x080037c0        0x5 build/obj/chsys.o
                                  0x8 (size before relaxing)
 *fill*         0x080037c5        0xb 
 .rodata.ch_debug
                0x080037d0       0x18 build/obj/chregistry.o
                0x080037d0                ch_debug
 *fill*         0x080037e8        0x8 
 .rodata.vmt    0x080037f0       0x20 build/obj/serial.o
 .rodata.zero_status
                0x08003810        0x4 build/obj/usb.o
 *fill*         0x08003814        0xc 
 .rodata.active_status
                0x08003820        0x4 build/obj/usb.o
 *fill*         0x08003824        0xc 
 .rodata.halted_status
                0x08003830        0x4 build/obj/usb.o
 *fill*         0x08003834        0xc 
 .rodata._stm32_dma_streams
                0x08003840       0xc0 build/obj/stm32_dma.o
                0x08003840                _stm32_dma_streams
 .rodata.fsparams
                0x08003900        0xc build/obj/usb_lld.o
 *fill*         0x0800390c        0x4 
 .rodata.str1.4
                0x08003910       0x10 build/obj/usb_lld.o
 .rodata.ep0config
                0x08003920       0x24 build/obj/usb_lld.o
 *fill*         0x08003944        0xc 
 .rodata.pal_default_config
                0x08003950       0xfc build/obj/board.o
                0x08003950                pal_default_config
 *fill*         0x08003a4c        0x4 
 .rodata.ep1config
                0x08003a50       0x24 build/obj/usbcfg.o
 *fill*         0x08003a74        0xc 
 .rodata.usb_device_descriptor
                0x08003a80        0x8 build/obj/usbcfg.o
 *fill*         0x08003a88        0x8 
 .rodata.usb_string_langid
                0x08003a90        0x4 build/obj/usbcfg.o
 *fill*         0x08003a94        0xc 
 .rodata.hid_report_descriptor_data
                0x08003aa0       0x24 build/obj/usbcfg.o
 *fill*         0x08003ac4        0xc 
 .rodata.hid_report_descriptor
                0x08003ad0        0x8 build/obj/usbcfg.o
 *fill*         0x08003ad8        0x8 
 .rodata.hid_configuration_descriptor
                0x08003ae0        0x8 build/obj/usbcfg.o
 *fill*         0x08003ae8        0x8 
 .rodata.usb_string_vendor
                0x08003af0       0x18 build/obj/usbcfg.o
 *fill*         0x08003b08        0x8 
 .rodata.usb_strings
                0x08003b10       0x28 build/obj/usbcfg.o
 *fill*         0x08003b38        0x8 
 .rodata.usbcfg
                0x08003b40       0x10 build/obj/usbcfg.o
 .rodata.usb_device_descriptor_data
                0x08003b50       0x14 build/obj/usbcfg.o
 *fill*         0x08003b64        0xc 
 .rodata.hid_descriptor
                0x08003b70        0x8 build/obj/usbcfg.o
 *fill*         0x08003b78        0x8 
 .rodata.hid_configuration_descriptor_data
                0x08003b80       0x20 build/obj/usbcfg.o
 .rodata.usb_interface_1_string
                0x08003ba0       0x10 build/obj/usbcfg.o
 .rodata.usb_string_description
                0x08003bb0        0xc build/obj/usbcfg.o
 *(.glue_7t)
 .glue_7t       0x00000000        0x0 linker stubs
 *(.glue_7)
 .glue_7        0x00000000        0x0 linker stubs
 *(.gcc*)

.vfp11_veneer   0x08003bbc        0x0
 .vfp11_veneer  0x00000000        0x0 linker stubs

.v4_bx          0x08003bbc        0x0
 .v4_bx         0x00000000        0x0 linker stubs

.iplt           0x08003bbc        0x0
 .iplt          0x00000000        0x0 build/obj/crt0.o

.rel.dyn        0x08003bbc        0x0
 .rel.iplt      0x00000000        0x0 build/obj/crt0.o

.ARM.extab
 *(.ARM.extab* .gnu.linkonce.armextab.*)

.ARM.exidx      0x08003bbc        0x0
                0x08003bbc                PROVIDE (__exidx_start, .)
 *(.ARM.exidx* .gnu.linkonce.armexidx.*)
                0x08003bbc                PROVIDE (__exidx_end, .)

.eh_frame_hdr
 *(.eh_frame_hdr)

.eh_frame
 *(.eh_frame)

.textalign      0x08003bbc        0x4
                0x08003bc0                . = ALIGN (0x8)
 *fill*         0x08003bbc        0x4 
                0x08003bc0                . = ALIGN (0x4)
                0x08003bc0                _etext = .
                0x08003bc0                _textdata = _etext

.stacks         0x20000000      0x800
                0x20000000                . = ALIGN (0x8)
                0x20000000                __main_stack_base__ = .
                0x20000400                . = (. + __main_stack_size__)
 *fill*         0x20000000      0x400 
                0x20000400                . = ALIGN (0x8)
                0x20000400                __main_stack_end__ = .
                0x20000400                __process_stack_base__ = .
                0x20000400                __main_thread_stack_base__ = .
                0x20000800                . = (. + __process_stack_size__)
 *fill*         0x20000400      0x400 
                0x20000800                . = ALIGN (0x8)
                0x20000800                __process_stack_end__ = .
                0x20000800                __main_thread_stack_end__ = .

.data           0x20000800       0x3c load address 0x08003bc0
                0x20000800                . = ALIGN (0x4)
                0x20000800                PROVIDE (_data, .)
 *(.data)
                0x20000800                . = ALIGN (0x4)
 *(.data.*)
 .data.usb_string_serial
                0x20000800        0x8 build/obj/usbcfg.o
 .data.pwmcfg   0x20000808       0x34 build/obj/main.o
                0x20000808                pwmcfg
                0x2000083c                . = ALIGN (0x4)
 *(.ramtext)
                0x2000083c                . = ALIGN (0x4)
                0x2000083c                PROVIDE (_edata, .)

.igot.plt       0x2000083c        0x0 load address 0x08003bfc
 .igot.plt      0x00000000        0x0 build/obj/crt0.o

.bss            0x20000840      0x688 load address 0x08003bfc
                0x20000840                . = ALIGN (0x4)
                0x20000840                PROVIDE (_bss_start, .)
 *(.bss)
                0x20000840                . = ALIGN (0x4)
 *(.bss.*)
 .bss.mainthread.4797
                0x20000840       0x48 build/obj/chsys.o
 .bss._idle_thread_wa
                0x20000888       0xe0 build/obj/chsys.o
                0x20000888                _idle_thread_wa
 .bss.vtlist    0x20000968       0x10 build/obj/chvt.o
                0x20000968                vtlist
 .bss.rlist     0x20000978       0x1c build/obj/chschd.o
                0x20000978                rlist
 .bss.endmem    0x20000994        0x4 build/obj/chmemcore.o
 .bss.nextmem   0x20000998        0x4 build/obj/chmemcore.o
 *fill*         0x2000099c        0x4 
 .bss.default_heap
                0x200009a0       0x20 build/obj/chheap.o
 .bss.dma_isr_redir
                0x200009c0       0x80 build/obj/stm32_dma.o
 .bss.dma_streams_mask
                0x20000a40        0x4 build/obj/stm32_dma.o
 .bss.ADCD1     0x20000a44       0x34 build/obj/adc_lld.o
                0x20000a44                ADCD1
 .bss.CAND1     0x20000a78       0x38 build/obj/can_lld.o
                0x20000a78                CAND1
 .bss.CAND2     0x20000ab0       0x38 build/obj/can_lld.o
                0x20000ab0                CAND2
 .bss.USBD1     0x20000ae8      0x1b8 build/obj/usb_lld.o
                0x20000ae8                USBD1
 .bss.ep0_state
                0x20000ca0       0x14 build/obj/usb_lld.o
 .bss.ep0setup_buffer
                0x20000cb4        0x8 build/obj/usb_lld.o
 .bss.dummytx   0x20000cbc        0x2 build/obj/spi_lld.o
 *fill*         0x20000cbe        0x2 
 .bss.SPID1     0x20000cc0       0x30 build/obj/spi_lld.o
                0x20000cc0                SPID1
 .bss.PWMD4     0x20000cf0       0x14 build/obj/pwm_lld.o
                0x20000cf0                PWMD4
 .bss.SD2       0x20000d04       0x78 build/obj/serial_lld.o
                0x20000d04                SD2
 .bss.ep1instate
                0x20000d7c       0x14 build/obj/usbcfg.o
 .bss.ep1outstate
                0x20000d90       0x14 build/obj/usbcfg.o
 .bss.input_queue_buffer
                0x20000da4       0x80 build/obj/usbcfg.o
 .bss.usb_input_queue
                0x20000e24       0x24 build/obj/usbcfg.o
 .bss.req_pkt.7719
                0x20000e48       0x40 build/obj/proto.o
 .bss.ans_pkt.7720
                0x20000e88       0x40 build/obj/proto.o
                0x20000ec8                . = ALIGN (0x4)
 *(COMMON)
                0x20000ec8                . = ALIGN (0x4)
                0x20000ec8                PROVIDE (_bss_end, .)
                0x20000ec8                PROVIDE (end, .)
                0x20000ec8                _end = .
                0x20000ec8                __heap_base__ = _end
                0x2001c000                __heap_end__ = __ram_end__
LOAD /home/marco/SoftwareProjects/st-usb/tools/gcc-arm-none-eabi-4_8-2014q2/bin/../lib/gcc/arm-none-eabi/4.8.4/../../../../arm-none-eabi/lib/armv7e-m/libm.a
START GROUP
LOAD /home/marco/SoftwareProjects/st-usb/tools/gcc-arm-none-eabi-4_8-2014q2/bin/../lib/gcc/arm-none-eabi/4.8.4/armv7e-m/libgcc.a
LOAD /home/marco/SoftwareProjects/st-usb/tools/gcc-arm-none-eabi-4_8-2014q2/bin/../lib/gcc/arm-none-eabi/4.8.4/../../../../arm-none-eabi/lib/armv7e-m/libg.a
LOAD /home/marco/SoftwareProjects/st-usb/tools/gcc-arm-none-eabi-4_8-2014q2/bin/../lib/gcc/arm-none-eabi/4.8.4/../../../../arm-none-eabi/lib/armv7e-m/libc.a
END GROUP
OUTPUT(build/MooodUSB.elf elf32-littlearm)

.debug_info     0x00000000    0x1c685
 .debug_info    0x00000000      0x2b3 build/obj/crt0.o
 .debug_info    0x000002b3      0x1c9 build/obj/vectors.o
 .debug_info    0x0000047c      0x7ee build/obj/chcore_v7m.o
 .debug_info    0x00000c6a      0x402 build/obj/nvic.o
 .debug_info    0x0000106c      0x823 build/obj/chsys.o
 .debug_info    0x0000188f      0x1ff build/obj/chvt.o
 .debug_info    0x00001a8e      0x970 build/obj/chschd.o
 .debug_info    0x000023fe      0xbee build/obj/chthreads.o
 .debug_info    0x00002fec      0x625 build/obj/chregistry.o
 .debug_info    0x00003611      0xab4 build/obj/chsem.o
 .debug_info    0x000040c5      0x9d0 build/obj/chmtx.o
 .debug_info    0x00004a95      0xd91 build/obj/chevents.o
 .debug_info    0x00005826      0xbbf build/obj/chqueues.o
 .debug_info    0x000063e5      0x21d build/obj/chmemcore.o
 .debug_info    0x00006602      0x6f6 build/obj/chheap.o
 .debug_info    0x00006cf8      0x3ee build/obj/hal.o
 .debug_info    0x000070e6      0xdfd build/obj/adc.o
 .debug_info    0x00007ee3     0x1015 build/obj/can.o
 .debug_info    0x00008ef8      0x681 build/obj/pwm.o
 .debug_info    0x00009579      0xfba build/obj/serial.o
 .debug_info    0x0000a533     0x1ddd build/obj/serial_usb.o
 .debug_info    0x0000c310     0x10c7 build/obj/spi.o
 .debug_info    0x0000d3d7     0x1f32 build/obj/usb.o
 .debug_info    0x0000f309      0xa7b build/obj/stm32_dma.o
 .debug_info    0x0000fd84      0x48d build/obj/hal_lld.o
 .debug_info    0x00010211     0x10a9 build/obj/adc_lld.o
 .debug_info    0x000112ba     0x1769 build/obj/can_lld.o
 .debug_info    0x00012a23      0x700 build/obj/pal_lld.o
 .debug_info    0x00013123     0x27b9 build/obj/usb_lld.o
 .debug_info    0x000158dc      0xdd0 build/obj/spi_lld.o
 .debug_info    0x000166ac      0x7cd build/obj/pwm_lld.o
 .debug_info    0x00016e79      0xf1e build/obj/serial_lld.o
 .debug_info    0x00017d97      0x1f0 build/obj/board.o
 .debug_info    0x00017f87     0x1968 build/obj/usbcfg.o
 .debug_info    0x000198ef     0x1891 build/obj/proto.o
 .debug_info    0x0001b180     0x1505 build/obj/main.o

.debug_abbrev   0x00000000     0x595c
 .debug_abbrev  0x00000000       0xfb build/obj/crt0.o
 .debug_abbrev  0x000000fb       0xad build/obj/vectors.o
 .debug_abbrev  0x000001a8      0x1b7 build/obj/chcore_v7m.o
 .debug_abbrev  0x0000035f      0x10c build/obj/nvic.o
 .debug_abbrev  0x0000046b      0x20c build/obj/chsys.o
 .debug_abbrev  0x00000677      0x115 build/obj/chvt.o
 .debug_abbrev  0x0000078c      0x311 build/obj/chschd.o
 .debug_abbrev  0x00000a9d      0x34d build/obj/chthreads.o
 .debug_abbrev  0x00000dea      0x185 build/obj/chregistry.o
 .debug_abbrev  0x00000f6f      0x30e build/obj/chsem.o
 .debug_abbrev  0x0000127d      0x2f8 build/obj/chmtx.o
 .debug_abbrev  0x00001575      0x2ed build/obj/chevents.o
 .debug_abbrev  0x00001862      0x32c build/obj/chqueues.o
 .debug_abbrev  0x00001b8e      0x162 build/obj/chmemcore.o
 .debug_abbrev  0x00001cf0      0x1e5 build/obj/chheap.o
 .debug_abbrev  0x00001ed5      0x1c6 build/obj/hal.o
 .debug_abbrev  0x0000209b      0x302 build/obj/adc.o
 .debug_abbrev  0x0000239d      0x2ed build/obj/can.o
 .debug_abbrev  0x0000268a      0x19a build/obj/pwm.o
 .debug_abbrev  0x00002824      0x2b7 build/obj/serial.o
 .debug_abbrev  0x00002adb      0x3f5 build/obj/serial_usb.o
 .debug_abbrev  0x00002ed0      0x274 build/obj/spi.o
 .debug_abbrev  0x00003144      0x41e build/obj/usb.o
 .debug_abbrev  0x00003562      0x21d build/obj/stm32_dma.o
 .debug_abbrev  0x0000377f      0x129 build/obj/hal_lld.o
 .debug_abbrev  0x000038a8      0x2fc build/obj/adc_lld.o
 .debug_abbrev  0x00003ba4      0x3d4 build/obj/can_lld.o
 .debug_abbrev  0x00003f78      0x1a8 build/obj/pal_lld.o
 .debug_abbrev  0x00004120      0x513 build/obj/usb_lld.o
 .debug_abbrev  0x00004633      0x302 build/obj/spi_lld.o
 .debug_abbrev  0x00004935      0x23a build/obj/pwm_lld.o
 .debug_abbrev  0x00004b6f      0x30c build/obj/serial_lld.o
 .debug_abbrev  0x00004e7b       0xe1 build/obj/board.o
 .debug_abbrev  0x00004f5c      0x40a build/obj/usbcfg.o
 .debug_abbrev  0x00005366      0x36e build/obj/proto.o
 .debug_abbrev  0x000056d4      0x288 build/obj/main.o

.debug_loc      0x00000000     0x6ff8
 .debug_loc     0x00000000       0xde build/obj/crt0.o
 .debug_loc     0x000000de       0x5a build/obj/chcore_v7m.o
 .debug_loc     0x00000138      0x159 build/obj/nvic.o
 .debug_loc     0x00000291       0x31 build/obj/chsys.o
 .debug_loc     0x000002c2       0x67 build/obj/chvt.o
 .debug_loc     0x00000329      0x2d2 build/obj/chschd.o
 .debug_loc     0x000005fb      0x419 build/obj/chthreads.o
 .debug_loc     0x00000a14       0x3f build/obj/chregistry.o
 .debug_loc     0x00000a53      0x4d4 build/obj/chsem.o
 .debug_loc     0x00000f27      0x407 build/obj/chmtx.o
 .debug_loc     0x0000132e      0x57b build/obj/chevents.o
 .debug_loc     0x000018a9      0x6bb build/obj/chqueues.o
 .debug_loc     0x00001f64       0xcc build/obj/chmemcore.o
 .debug_loc     0x00002030      0x3ae build/obj/chheap.o
 .debug_loc     0x000023de       0x9d build/obj/hal.o
 .debug_loc     0x0000247b      0x3e6 build/obj/adc.o
 .debug_loc     0x00002861      0x222 build/obj/can.o
 .debug_loc     0x00002a83      0x102 build/obj/pwm.o
 .debug_loc     0x00002b85      0x4e4 build/obj/serial.o
 .debug_loc     0x00003069      0x6e2 build/obj/serial_usb.o
 .debug_loc     0x0000374b      0x468 build/obj/spi.o
 .debug_loc     0x00003bb3      0xbda build/obj/usb.o
 .debug_loc     0x0000478d      0x279 build/obj/stm32_dma.o
 .debug_loc     0x00004a06      0x2a2 build/obj/adc_lld.o
 .debug_loc     0x00004ca8      0x5b9 build/obj/can_lld.o
 .debug_loc     0x00005261      0x1b2 build/obj/pal_lld.o
 .debug_loc     0x00005413      0xfb1 build/obj/usb_lld.o
 .debug_loc     0x000063c4      0x26a build/obj/spi_lld.o
 .debug_loc     0x0000662e      0x212 build/obj/pwm_lld.o
 .debug_loc     0x00006840      0x20e build/obj/serial_lld.o
 .debug_loc     0x00006a4e      0x38f build/obj/usbcfg.o
 .debug_loc     0x00006ddd      0x21b build/obj/proto.o

.debug_aranges  0x00000000      0xd60
 .debug_aranges
                0x00000000       0x38 build/obj/crt0.o
 .debug_aranges
                0x00000038       0x20 build/obj/vectors.o
 .debug_aranges
                0x00000058       0x50 build/obj/chcore_v7m.o
 .debug_aranges
                0x000000a8       0x30 build/obj/nvic.o
 .debug_aranges
                0x000000d8       0x30 build/obj/chsys.o
 .debug_aranges
                0x00000108       0x30 build/obj/chvt.o
 .debug_aranges
                0x00000138       0x68 build/obj/chschd.o
 .debug_aranges
                0x000001a0       0x78 build/obj/chthreads.o
 .debug_aranges
                0x00000218       0x28 build/obj/chregistry.o
 .debug_aranges
                0x00000240       0x70 build/obj/chsem.o
 .debug_aranges
                0x000002b0       0x58 build/obj/chmtx.o
 .debug_aranges
                0x00000308       0xa0 build/obj/chevents.o
 .debug_aranges
                0x000003a8       0x70 build/obj/chqueues.o
 .debug_aranges
                0x00000418       0x38 build/obj/chmemcore.o
 .debug_aranges
                0x00000450       0x40 build/obj/chheap.o
 .debug_aranges
                0x00000490       0x30 build/obj/hal.o
 .debug_aranges
                0x000004c0       0x70 build/obj/adc.o
 .debug_aranges
                0x00000530       0x58 build/obj/can.o
 .debug_aranges
                0x00000588       0x50 build/obj/pwm.o
 .debug_aranges
                0x000005d8       0x88 build/obj/serial.o
 .debug_aranges
                0x00000660       0xb0 build/obj/serial_usb.o
 .debug_aranges
                0x00000710       0x98 build/obj/spi.o
 .debug_aranges
                0x000007a8       0xa8 build/obj/usb.o
 .debug_aranges
                0x00000850       0xb0 build/obj/stm32_dma.o
 .debug_aranges
                0x00000900       0x28 build/obj/hal_lld.o
 .debug_aranges
                0x00000928       0x70 build/obj/adc_lld.o
 .debug_aranges
                0x00000998       0xd0 build/obj/can_lld.o
 .debug_aranges
                0x00000a68       0x28 build/obj/pal_lld.o
 .debug_aranges
                0x00000a90       0xd0 build/obj/usb_lld.o
 .debug_aranges
                0x00000b60       0x78 build/obj/spi_lld.o
 .debug_aranges
                0x00000bd8       0x48 build/obj/pwm_lld.o
 .debug_aranges
                0x00000c20       0x40 build/obj/serial_lld.o
 .debug_aranges
                0x00000c60       0x28 build/obj/board.o
 .debug_aranges
                0x00000c88       0x60 build/obj/usbcfg.o
 .debug_aranges
                0x00000ce8       0x50 build/obj/proto.o
 .debug_aranges
                0x00000d38       0x28 build/obj/main.o

.debug_ranges   0x00000000     0x16e8
 .debug_ranges  0x00000000       0x58 build/obj/crt0.o
 .debug_ranges  0x00000058       0x10 build/obj/vectors.o
 .debug_ranges  0x00000068       0x58 build/obj/chcore_v7m.o
 .debug_ranges  0x000000c0       0x20 build/obj/nvic.o
 .debug_ranges  0x000000e0       0x38 build/obj/chsys.o
 .debug_ranges  0x00000118       0x20 build/obj/chvt.o
 .debug_ranges  0x00000138      0x160 build/obj/chschd.o
 .debug_ranges  0x00000298      0x120 build/obj/chthreads.o
 .debug_ranges  0x000003b8       0x18 build/obj/chregistry.o
 .debug_ranges  0x000003d0      0x108 build/obj/chsem.o
 .debug_ranges  0x000004d8      0x168 build/obj/chmtx.o
 .debug_ranges  0x00000640       0xc0 build/obj/chevents.o
 .debug_ranges  0x00000700       0xd0 build/obj/chqueues.o
 .debug_ranges  0x000007d0       0x28 build/obj/chmemcore.o
 .debug_ranges  0x000007f8       0x30 build/obj/chheap.o
 .debug_ranges  0x00000828       0x38 build/obj/hal.o
 .debug_ranges  0x00000860       0xf0 build/obj/adc.o
 .debug_ranges  0x00000950      0x108 build/obj/can.o
 .debug_ranges  0x00000a58       0x70 build/obj/pwm.o
 .debug_ranges  0x00000ac8       0xa8 build/obj/serial.o
 .debug_ranges  0x00000b70       0xd0 build/obj/serial_usb.o
 .debug_ranges  0x00000c40      0x100 build/obj/spi.o
 .debug_ranges  0x00000d40      0x188 build/obj/usb.o
 .debug_ranges  0x00000ec8       0xa0 build/obj/stm32_dma.o
 .debug_ranges  0x00000f68       0x30 build/obj/hal_lld.o
 .debug_ranges  0x00000f98       0x60 build/obj/adc_lld.o
 .debug_ranges  0x00000ff8       0xf0 build/obj/can_lld.o
 .debug_ranges  0x000010e8      0x108 build/obj/pal_lld.o
 .debug_ranges  0x000011f0      0x2a8 build/obj/usb_lld.o
 .debug_ranges  0x00001498       0x68 build/obj/spi_lld.o
 .debug_ranges  0x00001500       0x50 build/obj/pwm_lld.o
 .debug_ranges  0x00001550       0xa8 build/obj/serial_lld.o
 .debug_ranges  0x000015f8       0x18 build/obj/board.o
 .debug_ranges  0x00001610       0x68 build/obj/usbcfg.o
 .debug_ranges  0x00001678       0x58 build/obj/proto.o
 .debug_ranges  0x000016d0       0x18 build/obj/main.o

.debug_line     0x00000000     0xa14d
 .debug_line    0x00000000      0x1d6 build/obj/crt0.o
 .debug_line    0x000001d6      0x17b build/obj/vectors.o
 .debug_line    0x00000351      0x321 build/obj/chcore_v7m.o
 .debug_line    0x00000672      0x1b7 build/obj/nvic.o
 .debug_line    0x00000829      0x34b build/obj/chsys.o
 .debug_line    0x00000b74      0x266 build/obj/chvt.o
 .debug_line    0x00000dda      0x478 build/obj/chschd.o
 .debug_line    0x00001252      0x4f2 build/obj/chthreads.o
 .debug_line    0x00001744      0x31a build/obj/chregistry.o
 .debug_line    0x00001a5e      0x427 build/obj/chsem.o
 .debug_line    0x00001e85      0x443 build/obj/chmtx.o
 .debug_line    0x000022c8      0x439 build/obj/chevents.o
 .debug_line    0x00002701      0x4e4 build/obj/chqueues.o
 .debug_line    0x00002be5      0x232 build/obj/chmemcore.o
 .debug_line    0x00002e17      0x3be build/obj/chheap.o
 .debug_line    0x000031d5      0x4cd build/obj/hal.o
 .debug_line    0x000036a2      0x544 build/obj/adc.o
 .debug_line    0x00003be6      0x4ea build/obj/can.o
 .debug_line    0x000040d0      0x327 build/obj/pwm.o
 .debug_line    0x000043f7      0x59f build/obj/serial.o
 .debug_line    0x00004996      0x633 build/obj/serial_usb.o
 .debug_line    0x00004fc9      0x621 build/obj/spi.o
 .debug_line    0x000055ea      0x73f build/obj/usb.o
 .debug_line    0x00005d29      0x518 build/obj/stm32_dma.o
 .debug_line    0x00006241      0x2f5 build/obj/hal_lld.o
 .debug_line    0x00006536      0x5f5 build/obj/adc_lld.o
 .debug_line    0x00006b2b      0x6ee build/obj/can_lld.o
 .debug_line    0x00007219      0x304 build/obj/pal_lld.o
 .debug_line    0x0000751d      0x9d6 build/obj/usb_lld.o
 .debug_line    0x00007ef3      0x654 build/obj/spi_lld.o
 .debug_line    0x00008547      0x47b build/obj/pwm_lld.o
 .debug_line    0x000089c2      0x572 build/obj/serial_lld.o
 .debug_line    0x00008f34      0x2d0 build/obj/board.o
 .debug_line    0x00009204      0x519 build/obj/usbcfg.o
 .debug_line    0x0000971d      0x515 build/obj/proto.o
 .debug_line    0x00009c32      0x51b build/obj/main.o

.debug_str      0x00000000     0x40c4
 .debug_str     0x00000000      0x2a6 build/obj/crt0.o
                                0x2f1 (size before relaxing)
 .debug_str     0x000002a6      0x180 build/obj/vectors.o
                                0x312 (size before relaxing)
 .debug_str     0x00000426      0x31f build/obj/chcore_v7m.o
                                0x4ce (size before relaxing)
 .debug_str     0x00000745       0xd1 build/obj/nvic.o
                                0x2e4 (size before relaxing)
 .debug_str     0x00000816      0x244 build/obj/chsys.o
                                0x5bc (size before relaxing)
 .debug_str     0x00000a5a       0x71 build/obj/chvt.o
                                0x265 (size before relaxing)
 .debug_str     0x00000acb      0x109 build/obj/chschd.o
                                0x4db (size before relaxing)
 .debug_str     0x00000bd4      0x10e build/obj/chthreads.o
                                0x546 (size before relaxing)
 .debug_str     0x00000ce2       0x7d build/obj/chregistry.o
                                0x4d4 (size before relaxing)
 .debug_str     0x00000d5f      0x103 build/obj/chsem.o
                                0x4bf (size before relaxing)
 .debug_str     0x00000e62       0xcc build/obj/chmtx.o
                                0x460 (size before relaxing)
 .debug_str     0x00000f2e      0x1f4 build/obj/chevents.o
                                0x584 (size before relaxing)
 .debug_str     0x00001122      0x154 build/obj/chqueues.o
                                0x4eb (size before relaxing)
 .debug_str     0x00001276       0xab build/obj/chmemcore.o
                                0x25a (size before relaxing)
 .debug_str     0x00001321       0xee build/obj/chheap.o
                                0x44f (size before relaxing)
 .debug_str     0x0000140f      0x1d1 build/obj/hal.o
                                0x37e (size before relaxing)
 .debug_str     0x000015e0      0x334 build/obj/adc.o
                                0x715 (size before relaxing)
 .debug_str     0x00001914      0x30c build/obj/can.o
                                0x72b (size before relaxing)
 .debug_str     0x00001c20      0x1e8 build/obj/pwm.o
                                0x3de (size before relaxing)
 .debug_str     0x00001e08      0x160 build/obj/serial.o
                                0x663 (size before relaxing)
 .debug_str     0x00001f68      0x7dd build/obj/serial_usb.o
                                0xd49 (size before relaxing)
 .debug_str     0x00002745      0x2aa build/obj/spi.o
                                0x71c (size before relaxing)
 .debug_str     0x000029ef      0x2eb build/obj/usb.o
                                0xd6f (size before relaxing)
 .debug_str     0x00002cda      0x77b build/obj/stm32_dma.o
                                0xa30 (size before relaxing)
 .debug_str     0x00003455       0xf9 build/obj/hal_lld.o
                                0x40e (size before relaxing)
 .debug_str     0x0000354e      0x109 build/obj/adc_lld.o
                                0xd4b (size before relaxing)
 .debug_str     0x00003657      0x187 build/obj/can_lld.o
                                0x8fd (size before relaxing)
 .debug_str     0x000037de       0xb2 build/obj/pal_lld.o
                                0x46c (size before relaxing)
 .debug_str     0x00003890      0x23f build/obj/usb_lld.o
                                0xfee (size before relaxing)
 .debug_str     0x00003acf       0xdc build/obj/spi_lld.o
                                0x7bc (size before relaxing)
 .debug_str     0x00003bab       0x94 build/obj/pwm_lld.o
                                0x519 (size before relaxing)
 .debug_str     0x00003c3f       0xa0 build/obj/serial_lld.o
                                0x709 (size before relaxing)
 .debug_str     0x00003cdf       0x65 build/obj/board.o
                                0x2c6 (size before relaxing)
 .debug_str     0x00003d44      0x272 build/obj/usbcfg.o
                                0xd9d (size before relaxing)
 .debug_str     0x00003fb6       0xef build/obj/proto.o
                                0xcf9 (size before relaxing)
 .debug_str     0x000040a5       0x1f build/obj/main.o
                                0xc26 (size before relaxing)

.comment        0x00000000       0x70
 .comment       0x00000000       0x70 build/obj/crt0.o
                                 0x71 (size before relaxing)
 .comment       0x00000000       0x71 build/obj/vectors.o
 .comment       0x00000000       0x71 build/obj/chcore_v7m.o
 .comment       0x00000000       0x71 build/obj/nvic.o
 .comment       0x00000000       0x71 build/obj/chsys.o
 .comment       0x00000000       0x71 build/obj/chvt.o
 .comment       0x00000000       0x71 build/obj/chschd.o
 .comment       0x00000000       0x71 build/obj/chthreads.o
 .comment       0x00000000       0x71 build/obj/chregistry.o
 .comment       0x00000000       0x71 build/obj/chsem.o
 .comment       0x00000000       0x71 build/obj/chmtx.o
 .comment       0x00000000       0x71 build/obj/chevents.o
 .comment       0x00000000       0x71 build/obj/chqueues.o
 .comment       0x00000000       0x71 build/obj/chmemcore.o
 .comment       0x00000000       0x71 build/obj/chheap.o
 .comment       0x00000000       0x71 build/obj/hal.o
 .comment       0x00000000       0x71 build/obj/adc.o
 .comment       0x00000000       0x71 build/obj/can.o
 .comment       0x00000000       0x71 build/obj/pwm.o
 .comment       0x00000000       0x71 build/obj/serial.o
 .comment       0x00000000       0x71 build/obj/serial_usb.o
 .comment       0x00000000       0x71 build/obj/spi.o
 .comment       0x00000000       0x71 build/obj/usb.o
 .comment       0x00000000       0x71 build/obj/stm32_dma.o
 .comment       0x00000000       0x71 build/obj/hal_lld.o
 .comment       0x00000000       0x71 build/obj/adc_lld.o
 .comment       0x00000000       0x71 build/obj/can_lld.o
 .comment       0x00000000       0x71 build/obj/pal_lld.o
 .comment       0x00000000       0x71 build/obj/usb_lld.o
 .comment       0x00000000       0x71 build/obj/spi_lld.o
 .comment       0x00000000       0x71 build/obj/pwm_lld.o
 .comment       0x00000000       0x71 build/obj/serial_lld.o
 .comment       0x00000000       0x71 build/obj/board.o
 .comment       0x00000000       0x71 build/obj/usbcfg.o
 .comment       0x00000000       0x71 build/obj/proto.o
 .comment       0x00000000       0x71 build/obj/main.o

.ARM.attributes
                0x00000000       0x33
 .ARM.attributes
                0x00000000       0x33 build/obj/crt0.o
 .ARM.attributes
                0x00000033       0x33 build/obj/vectors.o
 .ARM.attributes
                0x00000066       0x33 build/obj/chcore_v7m.o
 .ARM.attributes
                0x00000099       0x33 build/obj/nvic.o
 .ARM.attributes
                0x000000cc       0x33 build/obj/chsys.o
 .ARM.attributes
                0x000000ff       0x33 build/obj/chvt.o
 .ARM.attributes
                0x00000132       0x33 build/obj/chschd.o
 .ARM.attributes
                0x00000165       0x33 build/obj/chthreads.o
 .ARM.attributes
                0x00000198       0x33 build/obj/chregistry.o
 .ARM.attributes
                0x000001cb       0x33 build/obj/chsem.o
 .ARM.attributes
                0x000001fe       0x33 build/obj/chmtx.o
 .ARM.attributes
                0x00000231       0x33 build/obj/chevents.o
 .ARM.attributes
                0x00000264       0x33 build/obj/chqueues.o
 .ARM.attributes
                0x00000297       0x33 build/obj/chmemcore.o
 .ARM.attributes
                0x000002ca       0x33 build/obj/chheap.o
 .ARM.attributes
                0x000002fd       0x33 build/obj/hal.o
 .ARM.attributes
                0x00000330       0x33 build/obj/adc.o
 .ARM.attributes
                0x00000363       0x33 build/obj/can.o
 .ARM.attributes
                0x00000396       0x33 build/obj/pwm.o
 .ARM.attributes
                0x000003c9       0x33 build/obj/serial.o
 .ARM.attributes
                0x000003fc       0x33 build/obj/serial_usb.o
 .ARM.attributes
                0x0000042f       0x33 build/obj/spi.o
 .ARM.attributes
                0x00000462       0x33 build/obj/usb.o
 .ARM.attributes
                0x00000495       0x33 build/obj/stm32_dma.o
 .ARM.attributes
                0x000004c8       0x33 build/obj/hal_lld.o
 .ARM.attributes
                0x000004fb       0x33 build/obj/adc_lld.o
 .ARM.attributes
                0x0000052e       0x33 build/obj/can_lld.o
 .ARM.attributes
                0x00000561       0x33 build/obj/pal_lld.o
 .ARM.attributes
                0x00000594       0x33 build/obj/usb_lld.o
 .ARM.attributes
                0x000005c7       0x33 build/obj/spi_lld.o
 .ARM.attributes
                0x000005fa       0x33 build/obj/pwm_lld.o
 .ARM.attributes
                0x0000062d       0x33 build/obj/serial_lld.o
 .ARM.attributes
                0x00000660       0x33 build/obj/board.o
 .ARM.attributes
                0x00000693       0x33 build/obj/usbcfg.o
 .ARM.attributes
                0x000006c6       0x33 build/obj/proto.o
 .ARM.attributes
                0x000006f9       0x33 build/obj/main.o
 .ARM.attributes
                0x0000072c       0x2e /home/marco/SoftwareProjects/st-usb/tools/gcc-arm-none-eabi-4_8-2014q2/bin/../lib/gcc/arm-none-eabi/4.8.4/../../../../arm-none-eabi/lib/armv7e-m/libg.a(lib_a-memset.o)

.debug_frame    0x00000000     0x22a8
 .debug_frame   0x00000000       0x50 build/obj/crt0.o
 .debug_frame   0x00000050       0x20 build/obj/vectors.o
 .debug_frame   0x00000070       0x98 build/obj/chcore_v7m.o
 .debug_frame   0x00000108       0x64 build/obj/nvic.o
 .debug_frame   0x0000016c       0x5c build/obj/chsys.o
 .debug_frame   0x000001c8       0x4c build/obj/chvt.o
 .debug_frame   0x00000214      0x108 build/obj/chschd.o
 .debug_frame   0x0000031c      0x184 build/obj/chthreads.o
 .debug_frame   0x000004a0       0x3c build/obj/chregistry.o
 .debug_frame   0x000004dc      0x130 build/obj/chsem.o
 .debug_frame   0x0000060c       0xdc build/obj/chmtx.o
 .debug_frame   0x000006e8      0x1d8 build/obj/chevents.o
 .debug_frame   0x000008c0      0x180 build/obj/chqueues.o
 .debug_frame   0x00000a40       0x50 build/obj/chmemcore.o
 .debug_frame   0x00000a90       0x98 build/obj/chheap.o
 .debug_frame   0x00000b28       0x4c build/obj/hal.o
 .debug_frame   0x00000b74      0x11c build/obj/adc.o
 .debug_frame   0x00000c90      0x10c build/obj/can.o
 .debug_frame   0x00000d9c       0xb0 build/obj/pwm.o
 .debug_frame   0x00000e4c      0x13c build/obj/serial.o
 .debug_frame   0x00000f88      0x1b4 build/obj/serial_usb.o
 .debug_frame   0x0000113c      0x1a8 build/obj/spi.o
 .debug_frame   0x000012e4      0x204 build/obj/usb.o
 .debug_frame   0x000014e8      0x230 build/obj/stm32_dma.o
 .debug_frame   0x00001718       0x44 build/obj/hal_lld.o
 .debug_frame   0x0000175c      0x120 build/obj/adc_lld.o
 .debug_frame   0x0000187c      0x268 build/obj/can_lld.o
 .debug_frame   0x00001ae4       0x68 build/obj/pal_lld.o
 .debug_frame   0x00001b4c      0x278 build/obj/usb_lld.o
 .debug_frame   0x00001dc4      0x138 build/obj/spi_lld.o
 .debug_frame   0x00001efc       0xb0 build/obj/pwm_lld.o
 .debug_frame   0x00001fac       0x94 build/obj/serial_lld.o
 .debug_frame   0x00002040       0x30 build/obj/board.o
 .debug_frame   0x00002070       0xf8 build/obj/usbcfg.o
 .debug_frame   0x00002168       0xd8 build/obj/proto.o
 .debug_frame   0x00002240       0x3c build/obj/main.o
 .debug_frame   0x0000227c       0x2c /home/marco/SoftwareProjects/st-usb/tools/gcc-arm-none-eabi-4_8-2014q2/bin/../lib/gcc/arm-none-eabi/4.8.4/../../../../arm-none-eabi/lib/armv7e-m/libg.a(lib_a-memset.o)

Cross Reference Table

Symbol                                            File
ADCD1                                             build/obj/adc_lld.o
BusFaultVector                                    build/obj/vectors.o
CAND1                                             build/obj/can_lld.o
CAND2                                             build/obj/can_lld.o
DebugMonitorVector                                build/obj/vectors.o
HardFaultVector                                   build/obj/vectors.o
LED_set_duty_cycle                                build/obj/proto.o
LED_switch_OFF                                    build/obj/proto.o
LED_switch_ON                                     build/obj/proto.o
MemManageVector                                   build/obj/vectors.o
NMIVector                                         build/obj/vectors.o
PWMD4                                             build/obj/pwm_lld.o
                                                  build/obj/main.o
                                                  build/obj/proto.o
PendSVVector                                      build/obj/vectors.o
ResetHandler                                      build/obj/crt0.o
                                                  build/obj/vectors.o
SD2                                               build/obj/serial_lld.o
SPID1                                             build/obj/spi_lld.o
SVCallVector                                      build/obj/chcore_v7m.o
                                                  build/obj/vectors.o
SysTickVector                                     build/obj/chcore_v7m.o
                                                  build/obj/vectors.o
USBD1                                             build/obj/usb_lld.o
                                                  build/obj/main.o
                                                  build/obj/proto.o
                                                  build/obj/usbcfg.o
UsageFaultVector                                  build/obj/vectors.o
Vector100                                         build/obj/vectors.o
Vector104                                         build/obj/vectors.o
Vector108                                         build/obj/vectors.o
Vector10C                                         build/obj/vectors.o
Vector110                                         build/obj/vectors.o
Vector114                                         build/obj/vectors.o
Vector118                                         build/obj/vectors.o
Vector11C                                         build/obj/vectors.o
Vector120                                         build/obj/stm32_dma.o
                                                  build/obj/vectors.o
Vector124                                         build/obj/stm32_dma.o
                                                  build/obj/vectors.o
Vector128                                         build/obj/stm32_dma.o
                                                  build/obj/vectors.o
Vector12C                                         build/obj/stm32_dma.o
                                                  build/obj/vectors.o
Vector130                                         build/obj/stm32_dma.o
                                                  build/obj/vectors.o
Vector134                                         build/obj/vectors.o
Vector138                                         build/obj/vectors.o
Vector13C                                         build/obj/can_lld.o
                                                  build/obj/vectors.o
Vector140                                         build/obj/can_lld.o
                                                  build/obj/vectors.o
Vector144                                         build/obj/can_lld.o
                                                  build/obj/vectors.o
Vector148                                         build/obj/can_lld.o
                                                  build/obj/vectors.o
Vector14C                                         build/obj/usb_lld.o
                                                  build/obj/vectors.o
Vector150                                         build/obj/stm32_dma.o
                                                  build/obj/vectors.o
Vector154                                         build/obj/stm32_dma.o
                                                  build/obj/vectors.o
Vector158                                         build/obj/stm32_dma.o
                                                  build/obj/vectors.o
Vector15C                                         build/obj/vectors.o
Vector160                                         build/obj/vectors.o
Vector164                                         build/obj/vectors.o
Vector168                                         build/obj/vectors.o
Vector16C                                         build/obj/vectors.o
Vector170                                         build/obj/vectors.o
Vector174                                         build/obj/vectors.o
Vector178                                         build/obj/vectors.o
Vector17C                                         build/obj/vectors.o
Vector180                                         build/obj/vectors.o
Vector184                                         build/obj/vectors.o
Vector188                                         build/obj/vectors.o
Vector18C                                         build/obj/vectors.o
Vector190                                         build/obj/vectors.o
Vector194                                         build/obj/vectors.o
Vector198                                         build/obj/vectors.o
Vector19C                                         build/obj/vectors.o
Vector1A0                                         build/obj/vectors.o
Vector1A4                                         build/obj/vectors.o
Vector1A8                                         build/obj/vectors.o
Vector1C                                          build/obj/vectors.o
Vector20                                          build/obj/vectors.o
Vector24                                          build/obj/vectors.o
Vector28                                          build/obj/vectors.o
Vector34                                          build/obj/vectors.o
Vector40                                          build/obj/vectors.o
Vector44                                          build/obj/vectors.o
Vector48                                          build/obj/vectors.o
Vector4C                                          build/obj/vectors.o
Vector50                                          build/obj/vectors.o
Vector54                                          build/obj/vectors.o
Vector58                                          build/obj/vectors.o
Vector5C                                          build/obj/vectors.o
Vector60                                          build/obj/vectors.o
Vector64                                          build/obj/vectors.o
Vector68                                          build/obj/vectors.o
Vector6C                                          build/obj/stm32_dma.o
                                                  build/obj/vectors.o
Vector70                                          build/obj/stm32_dma.o
                                                  build/obj/vectors.o
Vector74                                          build/obj/stm32_dma.o
                                                  build/obj/vectors.o
Vector78                                          build/obj/stm32_dma.o
                                                  build/obj/vectors.o
Vector7C                                          build/obj/stm32_dma.o
                                                  build/obj/vectors.o
Vector80                                          build/obj/stm32_dma.o
                                                  build/obj/vectors.o
Vector84                                          build/obj/stm32_dma.o
                                                  build/obj/vectors.o
Vector88                                          build/obj/adc_lld.o
                                                  build/obj/vectors.o
Vector8C                                          build/obj/can_lld.o
                                                  build/obj/vectors.o
Vector90                                          build/obj/can_lld.o
                                                  build/obj/vectors.o
Vector94                                          build/obj/can_lld.o
                                                  build/obj/vectors.o
Vector98                                          build/obj/can_lld.o
                                                  build/obj/vectors.o
Vector9C                                          build/obj/vectors.o
VectorA0                                          build/obj/vectors.o
VectorA4                                          build/obj/vectors.o
VectorA8                                          build/obj/vectors.o
VectorAC                                          build/obj/vectors.o
VectorB0                                          build/obj/vectors.o
VectorB4                                          build/obj/vectors.o
VectorB8                                          build/obj/pwm_lld.o
                                                  build/obj/vectors.o
VectorBC                                          build/obj/vectors.o
VectorC0                                          build/obj/vectors.o
VectorC4                                          build/obj/vectors.o
VectorC8                                          build/obj/vectors.o
VectorCC                                          build/obj/vectors.o
VectorD0                                          build/obj/vectors.o
VectorD4                                          build/obj/vectors.o
VectorD8                                          build/obj/serial_lld.o
                                                  build/obj/vectors.o
VectorDC                                          build/obj/vectors.o
VectorE0                                          build/obj/vectors.o
VectorE4                                          build/obj/vectors.o
VectorE8                                          build/obj/vectors.o
VectorEC                                          build/obj/vectors.o
VectorF0                                          build/obj/vectors.o
VectorF4                                          build/obj/vectors.o
VectorF8                                          build/obj/vectors.o
VectorFC                                          build/obj/stm32_dma.o
                                                  build/obj/vectors.o
__ctype_ptr__                                     /home/marco/SoftwareProjects/st-usb/tools/gcc-arm-none-eabi-4_8-2014q2/bin/../lib/gcc/arm-none-eabi/4.8.4/../../../../arm-none-eabi/lib/armv7e-m/libg.a(lib_a-ctype_.o)
                                                  /home/marco/SoftwareProjects/st-usb/tools/gcc-arm-none-eabi-4_8-2014q2/bin/../lib/gcc/arm-none-eabi/4.8.4/../../../../arm-none-eabi/lib/armv7e-m/libg.a(lib_a-strcasecmp.o)
__early_init                                      build/obj/board.o
                                                  build/obj/crt0.o
__fini_array_end                                  build/obj/crt0.o
__fini_array_start                                build/obj/crt0.o
__heap_base__                                     build/obj/chmemcore.o
__heap_end__                                      build/obj/chmemcore.o
__init_array_end                                  build/obj/crt0.o
__init_array_start                                build/obj/crt0.o
__late_init                                       build/obj/crt0.o
__main_stack_base__                               build/obj/crt0.o
__main_stack_end__                                build/obj/vectors.o
                                                  build/obj/crt0.o
__process_stack_base__                            build/obj/crt0.o
__process_stack_end__                             build/obj/crt0.o
_bss_end                                          build/obj/crt0.o
_bss_start                                        build/obj/crt0.o
_core_init                                        build/obj/chmemcore.o
                                                  build/obj/chsys.o
_ctype_                                           /home/marco/SoftwareProjects/st-usb/tools/gcc-arm-none-eabi-4_8-2014q2/bin/../lib/gcc/arm-none-eabi/4.8.4/../../../../arm-none-eabi/lib/armv7e-m/libg.a(lib_a-ctype_.o)
_data                                             build/obj/crt0.o
_default_exit                                     build/obj/crt0.o
_edata                                            build/obj/crt0.o
_heap_init                                        build/obj/chheap.o
                                                  build/obj/chsys.o
_idle_thread                                      build/obj/chsys.o
_idle_thread_wa                                   build/obj/chsys.o
_pal_lld_init                                     build/obj/pal_lld.o
                                                  build/obj/hal.o
_pal_lld_setgroupmode                             build/obj/pal_lld.o
                                                  build/obj/main.o
                                                  build/obj/pal.o
_port_init                                        build/obj/chcore_v7m.o
                                                  build/obj/chsys.o
_port_irq_epilogue                                build/obj/chcore_v7m.o
                                                  build/obj/serial_lld.o
                                                  build/obj/pwm_lld.o
                                                  build/obj/usb_lld.o
                                                  build/obj/can_lld.o
                                                  build/obj/adc_lld.o
                                                  build/obj/stm32_dma.o
_port_switch                                      build/obj/chcore_v7m.o
                                                  build/obj/chschd.o
_port_switch_from_isr                             build/obj/chcore_v7m.o
_port_thread_start                                build/obj/chcore_v7m.o
                                                  build/obj/chthreads.o
_scheduler_init                                   build/obj/chschd.o
                                                  build/obj/chsys.o
_stm32_dma_streams                                build/obj/stm32_dma.o
                                                  build/obj/spi_lld.o
                                                  build/obj/adc_lld.o
_textdata                                         build/obj/crt0.o
_thread_init                                      build/obj/chthreads.o
                                                  build/obj/chsys.o
_unhandled_exception                              build/obj/vectors.o
_usb_ep0in                                        build/obj/usb.o
                                                  build/obj/usb_lld.o
_usb_ep0out                                       build/obj/usb.o
                                                  build/obj/usb_lld.o
_usb_ep0setup                                     build/obj/usb.o
                                                  build/obj/usb_lld.o
_usb_reset                                        build/obj/usb.o
                                                  build/obj/usb_lld.o
_vectors                                          build/obj/vectors.o
_vt_init                                          build/obj/chvt.o
                                                  build/obj/chsys.o
adcAcquireBus                                     build/obj/adc.o
adcConvert                                        build/obj/adc.o
adcInit                                           build/obj/adc.o
                                                  build/obj/hal.o
adcObjectInit                                     build/obj/adc.o
                                                  build/obj/adc_lld.o
adcReleaseBus                                     build/obj/adc.o
adcSTM32DisableTSVREFE                            build/obj/adc_lld.o
adcSTM32DisableVBATE                              build/obj/adc_lld.o
adcSTM32EnableTSVREFE                             build/obj/adc_lld.o
adcSTM32EnableVBATE                               build/obj/adc_lld.o
adcStart                                          build/obj/adc.o
adcStartConversion                                build/obj/adc.o
adcStartConversionI                               build/obj/adc.o
adcStop                                           build/obj/adc.o
adcStopConversion                                 build/obj/adc.o
adcStopConversionI                                build/obj/adc.o
adc_lld_init                                      build/obj/adc_lld.o
                                                  build/obj/adc.o
adc_lld_start                                     build/obj/adc_lld.o
                                                  build/obj/adc.o
adc_lld_start_conversion                          build/obj/adc_lld.o
                                                  build/obj/adc.o
adc_lld_stop                                      build/obj/adc_lld.o
                                                  build/obj/adc.o
adc_lld_stop_conversion                           build/obj/adc_lld.o
                                                  build/obj/adc.o
boardInit                                         build/obj/board.o
                                                  build/obj/hal.o
canInit                                           build/obj/can.o
                                                  build/obj/hal.o
canObjectInit                                     build/obj/can.o
                                                  build/obj/can_lld.o
canReceive                                        build/obj/can.o
canSTM32SetFilters                                build/obj/can_lld.o
canSleep                                          build/obj/can.o
canStart                                          build/obj/can.o
canStop                                           build/obj/can.o
canTransmit                                       build/obj/can.o
canWakeup                                         build/obj/can.o
can_lld_init                                      build/obj/can_lld.o
                                                  build/obj/can.o
can_lld_is_rx_nonempty                            build/obj/can_lld.o
                                                  build/obj/can.o
can_lld_is_tx_empty                               build/obj/can_lld.o
                                                  build/obj/can.o
can_lld_receive                                   build/obj/can_lld.o
                                                  build/obj/can.o
can_lld_sleep                                     build/obj/can_lld.o
                                                  build/obj/can.o
can_lld_start                                     build/obj/can_lld.o
                                                  build/obj/can.o
can_lld_stop                                      build/obj/can_lld.o
                                                  build/obj/can.o
can_lld_transmit                                  build/obj/can_lld.o
                                                  build/obj/can.o
can_lld_wakeup                                    build/obj/can_lld.o
                                                  build/obj/can.o
chCondBroadcast                                   build/obj/chcond.o
chCondBroadcastI                                  build/obj/chcond.o
chCondInit                                        build/obj/chcond.o
chCondSignal                                      build/obj/chcond.o
chCondSignalI                                     build/obj/chcond.o
chCondWait                                        build/obj/chcond.o
chCondWaitS                                       build/obj/chcond.o
chCondWaitTimeout                                 build/obj/chcond.o
chCondWaitTimeoutS                                build/obj/chcond.o
chCoreAlloc                                       build/obj/chmemcore.o
                                                  build/obj/chheap.o
chCoreAllocI                                      build/obj/chmemcore.o
chCoreStatus                                      build/obj/chmemcore.o
chEvtAddEvents                                    build/obj/chevents.o
chEvtBroadcastFlags                               build/obj/chevents.o
chEvtBroadcastFlagsI                              build/obj/chevents.o
                                                  build/obj/shell.o
                                                  build/obj/serial_lld.o
                                                  build/obj/can_lld.o
                                                  build/obj/serial_usb.o
                                                  build/obj/serial.o
                                                  build/obj/can.o
chEvtDispatch                                     build/obj/chevents.o
chEvtGetAndClearEvents                            build/obj/chevents.o
chEvtGetAndClearFlags                             build/obj/chevents.o
chEvtGetAndClearFlagsI                            build/obj/chevents.o
chEvtRegisterMask                                 build/obj/chevents.o
chEvtSignal                                       build/obj/chevents.o
chEvtSignalI                                      build/obj/chevents.o
chEvtUnregister                                   build/obj/chevents.o
chEvtWaitAll                                      build/obj/chevents.o
chEvtWaitAllTimeout                               build/obj/chevents.o
chEvtWaitAny                                      build/obj/chevents.o
chEvtWaitAnyTimeout                               build/obj/chevents.o
chEvtWaitOne                                      build/obj/chevents.o
chEvtWaitOneTimeout                               build/obj/chevents.o
chHeapAlloc                                       build/obj/chheap.o
                                                  build/obj/chdynamic.o
chHeapFree                                        build/obj/chheap.o
                                                  build/obj/chdynamic.o
chHeapInit                                        build/obj/chheap.o
chHeapStatus                                      build/obj/chheap.o
chIQGetTimeout                                    build/obj/chqueues.o
                                                  build/obj/serial_usb.o
                                                  build/obj/serial.o
chIQInit                                          build/obj/chqueues.o
                                                  build/obj/usbcfg.o
                                                  build/obj/serial_usb.o
                                                  build/obj/serial.o
chIQPutI                                          build/obj/chqueues.o
                                                  build/obj/serial.o
chIQReadTimeout                                   build/obj/chqueues.o
                                                  build/obj/usbcfg.o
                                                  build/obj/serial_usb.o
                                                  build/obj/serial.o
chIQResetI                                        build/obj/chqueues.o
                                                  build/obj/usbcfg.o
                                                  build/obj/serial_usb.o
                                                  build/obj/serial.o
chMBFetch                                         build/obj/chmboxes.o
chMBFetchI                                        build/obj/chmboxes.o
chMBFetchS                                        build/obj/chmboxes.o
chMBInit                                          build/obj/chmboxes.o
chMBPost                                          build/obj/chmboxes.o
chMBPostAhead                                     build/obj/chmboxes.o
chMBPostAheadI                                    build/obj/chmboxes.o
chMBPostAheadS                                    build/obj/chmboxes.o
chMBPostI                                         build/obj/chmboxes.o
chMBPostS                                         build/obj/chmboxes.o
chMBReset                                         build/obj/chmboxes.o
chMsgRelease                                      build/obj/chmsg.o
chMsgSend                                         build/obj/chmsg.o
chMsgWait                                         build/obj/chmsg.o
chMtxInit                                         build/obj/chmtx.o
                                                  build/obj/spi.o
                                                  build/obj/adc.o
                                                  build/obj/chheap.o
chMtxLock                                         build/obj/chmtx.o
                                                  build/obj/spi.o
                                                  build/obj/adc.o
                                                  build/obj/chheap.o
chMtxLockS                                        build/obj/chmtx.o
                                                  build/obj/chcond.o
chMtxTryLock                                      build/obj/chmtx.o
chMtxTryLockS                                     build/obj/chmtx.o
chMtxUnlock                                       build/obj/chmtx.o
                                                  build/obj/spi.o
                                                  build/obj/adc.o
                                                  build/obj/chheap.o
chMtxUnlockAll                                    build/obj/chmtx.o
chMtxUnlockS                                      build/obj/chmtx.o
                                                  build/obj/chcond.o
chOQGetI                                          build/obj/chqueues.o
                                                  build/obj/serial_lld.o
                                                  build/obj/serial.o
chOQInit                                          build/obj/chqueues.o
                                                  build/obj/serial_usb.o
                                                  build/obj/serial.o
chOQPutTimeout                                    build/obj/chqueues.o
                                                  build/obj/serial_usb.o
                                                  build/obj/serial.o
chOQResetI                                        build/obj/chqueues.o
                                                  build/obj/serial_usb.o
                                                  build/obj/serial.o
chOQWriteTimeout                                  build/obj/chqueues.o
                                                  build/obj/serial_usb.o
                                                  build/obj/serial.o
chPoolAlloc                                       build/obj/chmempools.o
                                                  build/obj/chdynamic.o
chPoolAllocI                                      build/obj/chmempools.o
chPoolFree                                        build/obj/chmempools.o
                                                  build/obj/chdynamic.o
chPoolFreeI                                       build/obj/chmempools.o
chPoolInit                                        build/obj/chmempools.o
chPoolLoadArray                                   build/obj/chmempools.o
chRegFirstThread                                  build/obj/chregistry.o
chRegNextThread                                   build/obj/chregistry.o
chSchDoReschedule                                 build/obj/chschd.o
                                                  build/obj/chcore_v7m.o
chSchDoRescheduleAhead                            build/obj/chschd.o
chSchDoRescheduleBehind                           build/obj/chschd.o
                                                  build/obj/chthreads.o
chSchGoSleepS                                     build/obj/chschd.o
                                                  build/obj/usb_lld.o
                                                  build/obj/spi.o
                                                  build/obj/adc.o
                                                  build/obj/chmsg.o
                                                  build/obj/chevents.o
                                                  build/obj/chcond.o
                                                  build/obj/chmtx.o
                                                  build/obj/chsem.o
                                                  build/obj/chthreads.o
chSchGoSleepTimeoutS                              build/obj/chschd.o
                                                  build/obj/can_lld.o
                                                  build/obj/can.o
                                                  build/obj/chqueues.o
                                                  build/obj/chevents.o
                                                  build/obj/chcond.o
                                                  build/obj/chsem.o
                                                  build/obj/chthreads.o
chSchReadyI                                       build/obj/chschd.o
                                                  build/obj/spi_lld.o
                                                  build/obj/usb_lld.o
                                                  build/obj/adc_lld.o
                                                  build/obj/adc.o
                                                  build/obj/chqueues.o
                                                  build/obj/chmsg.o
                                                  build/obj/chevents.o
                                                  build/obj/chcond.o
                                                  build/obj/chmtx.o
                                                  build/obj/chsem.o
                                                  build/obj/chthreads.o
chSchRescheduleS                                  build/obj/chschd.o
                                                  build/obj/usb_lld.o
                                                  build/obj/serial_usb.o
                                                  build/obj/serial.o
                                                  build/obj/can.o
                                                  build/obj/chmboxes.o
                                                  build/obj/chevents.o
                                                  build/obj/chcond.o
                                                  build/obj/chmtx.o
                                                  build/obj/chsem.o
                                                  build/obj/chthreads.o
chSchWakeupS                                      build/obj/chschd.o
                                                  build/obj/adc.o
                                                  build/obj/chmsg.o
                                                  build/obj/chcond.o